Port 5173 is in use, trying another one...

================================================================================

  (Run Starting)

  ┌────────────────────────────────────────────────────────────────────────────────────────────────┐
  │ Cypress:        13.2.0                                                                         │
  │ Browser:        Electron 114 (headless)                                                        │
  │ Node Version:   v14.21.3 (/usr/bin/node)                                                       │
  │ Specs:          1 found (Todo.cy.jsx)                                                          │
  │ Searched:       **/*.cy.{js,jsx,ts,tsx}                                                        │
  └────────────────────────────────────────────────────────────────────────────────────────────────┘


────────────────────────────────────────────────────────────────────────────────────────────────────
                                                                                                    
  Running:  Todo.cy.jsx                                                                     (1 of 1)


  Todo />
    1) allows users to add a task
    2) allows users to delete a task
    3) clears the input field after adding a task


  0 passing (919ms)
  3 failing

  1) Todo />
       allows users to add a task:
     ReferenceError: The following error originated from your application code, not from Cypress.

  > useState is not defined

When Cypress detects uncaught errors originating from your application it will automatically fail the current test.

This behavior is configurable, and you can choose to turn this off by listening to the `uncaught:exception` event.

https://on.cypress.io/uncaught-exception-from-application
      at InputBox (http://localhost:5174/__cypress/src/src/InputBox.jsx:5:27)
      at renderWithHooks (http://localhost:5174/__cypress/src/node_modules/.vite/deps/chunk-XHCDW3LY.js?v=4c273b39:11566:26)
      at mountIndeterminateComponent (http://localhost:5174/__cypress/src/node_modules/.vite/deps/chunk-XHCDW3LY.js?v=4c273b39:14944:21)
      at beginWork (http://localhost:5174/__cypress/src/node_modules/.vite/deps/chunk-XHCDW3LY.js?v=4c273b39:15932:22)
      at HTMLUnknownElement.callCallback2 (http://localhost:5174/__cypress/src/node_modules/.vite/deps/chunk-XHCDW3LY.js?v=4c273b39:3672:22)
      at Object.invokeGuardedCallbackDev (http://localhost:5174/__cypress/src/node_modules/.vite/deps/chunk-XHCDW3LY.js?v=4c273b39:3697:24)
      at invokeGuardedCallback (http://localhost:5174/__cypress/src/node_modules/.vite/deps/chunk-XHCDW3LY.js?v=4c273b39:3731:39)
      at beginWork$1 (http://localhost:5174/__cypress/src/node_modules/.vite/deps/chunk-XHCDW3LY.js?v=4c273b39:19791:15)
      at performUnitOfWork (http://localhost:5174/__cypress/src/node_modules/.vite/deps/chunk-XHCDW3LY.js?v=4c273b39:19227:20)
      at workLoopSync (http://localhost:5174/__cypress/src/node_modules/.vite/deps/chunk-XHCDW3LY.js?v=4c273b39:19163:13)

  2) Todo />
       allows users to delete a task:
     ReferenceError: The following error originated from your application code, not from Cypress.

  > useState is not defined

When Cypress detects uncaught errors originating from your application it will automatically fail the current test.

This behavior is configurable, and you can choose to turn this off by listening to the `uncaught:exception` event.

https://on.cypress.io/uncaught-exception-from-application
      at InputBox (http://localhost:5174/__cypress/src/src/InputBox.jsx:5:27)
      at renderWithHooks (http://localhost:5174/__cypress/src/node_modules/.vite/deps/chunk-XHCDW3LY.js?v=4c273b39:11566:26)
      at mountIndeterminateComponent (http://localhost:5174/__cypress/src/node_modules/.vite/deps/chunk-XHCDW3LY.js?v=4c273b39:14944:21)
      at beginWork (http://localhost:5174/__cypress/src/node_modules/.vite/deps/chunk-XHCDW3LY.js?v=4c273b39:15932:22)
      at HTMLUnknownElement.callCallback2 (http://localhost:5174/__cypress/src/node_modules/.vite/deps/chunk-XHCDW3LY.js?v=4c273b39:3672:22)
      at Object.invokeGuardedCallbackDev (http://localhost:5174/__cypress/src/node_modules/.vite/deps/chunk-XHCDW3LY.js?v=4c273b39:3697:24)
      at invokeGuardedCallback (http://localhost:5174/__cypress/src/node_modules/.vite/deps/chunk-XHCDW3LY.js?v=4c273b39:3731:39)
      at beginWork$1 (http://localhost:5174/__cypress/src/node_modules/.vite/deps/chunk-XHCDW3LY.js?v=4c273b39:19791:15)
      at performUnitOfWork (http://localhost:5174/__cypress/src/node_modules/.vite/deps/chunk-XHCDW3LY.js?v=4c273b39:19227:20)
      at workLoopSync (http://localhost:5174/__cypress/src/node_modules/.vite/deps/chunk-XHCDW3LY.js?v=4c273b39:19163:13)

  3) Todo />
       clears the input field after adding a task:
     ReferenceError: The following error originated from your application code, not from Cypress.

  > useState is not defined

When Cypress detects uncaught errors originating from your application it will automatically fail the current test.

This behavior is configurable, and you can choose to turn this off by listening to the `uncaught:exception` event.

https://on.cypress.io/uncaught-exception-from-application
      at InputBox (http://localhost:5174/__cypress/src/src/InputBox.jsx:5:27)
      at renderWithHooks (http://localhost:5174/__cypress/src/node_modules/.vite/deps/chunk-XHCDW3LY.js?v=4c273b39:11566:26)
      at mountIndeterminateComponent (http://localhost:5174/__cypress/src/node_modules/.vite/deps/chunk-XHCDW3LY.js?v=4c273b39:14944:21)
      at beginWork (http://localhost:5174/__cypress/src/node_modules/.vite/deps/chunk-XHCDW3LY.js?v=4c273b39:15932:22)
      at HTMLUnknownElement.callCallback2 (http://localhost:5174/__cypress/src/node_modules/.vite/deps/chunk-XHCDW3LY.js?v=4c273b39:3672:22)
      at Object.invokeGuardedCallbackDev (http://localhost:5174/__cypress/src/node_modules/.vite/deps/chunk-XHCDW3LY.js?v=4c273b39:3697:24)
      at invokeGuardedCallback (http://localhost:5174/__cypress/src/node_modules/.vite/deps/chunk-XHCDW3LY.js?v=4c273b39:3731:39)
      at beginWork$1 (http://localhost:5174/__cypress/src/node_modules/.vite/deps/chunk-XHCDW3LY.js?v=4c273b39:19791:15)
      at performUnitOfWork (http://localhost:5174/__cypress/src/node_modules/.vite/deps/chunk-XHCDW3LY.js?v=4c273b39:19227:20)
      at workLoopSync (http://localhost:5174/__cypress/src/node_modules/.vite/deps/chunk-XHCDW3LY.js?v=4c273b39:19163:13)



[mochawesome] Report JSON saved to /config/workspace/mochawesome-report/mochawesome.json

[mochawesome] Report HTML saved to /config/workspace/mochawesome-report/mochawesome.html


  (Results)

  ┌────────────────────────────────────────────────────────────────────────────────────────────────┐
  │ Tests:        3                                                                                │
  │ Passing:      0                                                                                │
  │ Failing:      3                                                                                │
  │ Pending:      0                                                                                │
  │ Skipped:      0                                                                                │
  │ Screenshots:  3                                                                                │
  │ Video:        false                                                                            │
  │ Duration:     0 seconds                                                                        │
  │ Spec Ran:     Todo.cy.jsx                                                                      │
  └────────────────────────────────────────────────────────────────────────────────────────────────┘


  (Screenshots)

  -  /config/workspace/cypress/screenshots/Todo.cy.jsx/Todo -- allows users to add a      (1280x720)
     task (failed).png                                                                              
  -  /config/workspace/cypress/screenshots/Todo.cy.jsx/Todo -- allows users to delete     (1280x720)
      a task (failed).png                                                                           
  -  /config/workspace/cypress/screenshots/Todo.cy.jsx/Todo -- clears the input field     (1280x720)
      after adding a task (failed).png                                                              


================================================================================

  (Run Finished)


       Spec                                              Tests  Passing  Failing  Pending  Skipped  
  ┌────────────────────────────────────────────────────────────────────────────────────────────────┐
  │ ✖  Todo.cy.jsx                              924ms        3        -        3        -        - │
  └────────────────────────────────────────────────────────────────────────────────────────────────┘
    ✖  1 of 1 failed (100%)                     924ms        3        -        3        -        -  

